// Vitest Snapshot v1

exports[`renders 1`] = `
<div>
  <button
    class="_button_f8f296"
  >
    Click
  </button>
</div>
`;
